// Jest Snapshot v1, https://goo.gl/fbAQLP

exports[`icon 是一个 svg 1`] = `
<svg
  className="s-icon"
>
  <use
    xlinkHref="#wechat"
  />
</svg>
`;
