// Jest Snapshot v1, https://goo.gl/fbAQLP

exports[`button 是一个div 1`] = `
<button>
  按钮
</button>
`;
